0.0407760
0.3809945
0.6985585
1.0308045
1.5407200
1.6301015
1.9618805
2.2791020
2.6209845
2.9069050
3.0509975
3.2180780
3.3592945
3.4889285
3.5334920
3.9124970
4.1684410
4.4509410
4.4965995
4.8203365
5.3186835
5.4450440
5.7611835
6.0802315
6.1854695
6.4663890
6.5451080
6.8374225
