0.174150
0.905578
1.637007
2.345215
3.076644
3.796463
4.527891
5.247710
5.979138
6.698957
7.430385
8.150204
8.881633
9.601451
10.332880
11.052698
11.772517
12.492336
13.223764
13.943583
14.663401
15.383220
16.114649
16.834467
17.565896
18.285714
19.017143
19.736961
20.468390
21.188209
21.919637
22.639456
23.359274
24.079093
24.810522
25.530340
26.261769
26.981587
27.713016
28.444444
29.175873
29.907302
