0.046440
0.499229
0.975238
1.439637
1.915646
2.380045
2.856054
3.332063
3.796463
4.249252
4.702041
5.189660
5.677279
6.153288
6.629297
7.116916
7.650975
8.196644
8.742313
9.299592
9.856871
10.402540
10.959819
11.528707
12.085986
12.654875
13.223764
13.699773
14.175782
14.651791
15.127800
15.603810
16.068209
16.532608
17.008617
17.484626
17.960635
18.436644
18.901043
19.377052
19.853061
20.329070
20.793469
21.269478
21.733878
22.209887
22.674286
23.138685
23.614694
24.079093
24.555102
25.031111
25.507120
25.983129
26.447528
26.923537
27.399546
27.863946
28.339955
28.815964
29.291973
29.779592
